Internal operators only.
name,library,internal
'_diskinfo','scidb',true
'_explain_logical','scidb',true
'_explain_physical','scidb',true
'_materialize','scidb',true
'_reduce_distro','scidb',true
'_save_old','scidb',true
'_setopt','scidb',true
'_sg','scidb',true
'_splitarraytest','scidb',true

All external operators.
name,library
'aggregate','scidb'
'apply','scidb'
'attributes','scidb'
'avg_rank','scidb'
'bernoulli','scidb'
'between','scidb'
'build','scidb'
'cancel','scidb'
'cast','scidb'
'consume','scidb'
'create_array','scidb'
'create_array_using','scidb'
'cross_between','scidb'
'cross_join','scidb'
'cumulate','scidb'
'dimensions','scidb'
'filter','scidb'
'help','scidb'
'index_lookup','scidb'
'input','scidb'
'insert','scidb'
'join','scidb'
'list','scidb'
'load_library','scidb'
'load_module','scidb'
'merge','scidb'
'project','scidb'
'quantile','scidb'
'rank','scidb'
'redimension','scidb'
'regrid','scidb'
'remove','scidb'
'remove_versions','scidb'
'rename','scidb'
'repart','scidb'
'reshape','scidb'
'save','scidb'
'scan','scidb'
'show','scidb'
'slice','scidb'
'sort','scidb'
'store','scidb'
'subarray','scidb'
'substitute','scidb'
'transpose','scidb'
'unfold','scidb'
'uniq','scidb'
'unload_library','scidb'
'unpack','scidb'
'variable_window','scidb'
'versions','scidb'
'window','scidb'
'xgrid','scidb'

All external operators, derived by filtering.
name,library
'aggregate','scidb'
'apply','scidb'
'attributes','scidb'
'avg_rank','scidb'
'bernoulli','scidb'
'between','scidb'
'build','scidb'
'cancel','scidb'
'cast','scidb'
'consume','scidb'
'create_array','scidb'
'create_array_using','scidb'
'cross_between','scidb'
'cross_join','scidb'
'cumulate','scidb'
'dimensions','scidb'
'filter','scidb'
'help','scidb'
'index_lookup','scidb'
'input','scidb'
'insert','scidb'
'join','scidb'
'list','scidb'
'load_library','scidb'
'load_module','scidb'
'merge','scidb'
'project','scidb'
'quantile','scidb'
'rank','scidb'
'redimension','scidb'
'regrid','scidb'
'remove','scidb'
'remove_versions','scidb'
'rename','scidb'
'repart','scidb'
'reshape','scidb'
'save','scidb'
'scan','scidb'
'show','scidb'
'slice','scidb'
'sort','scidb'
'store','scidb'
'subarray','scidb'
'substitute','scidb'
'transpose','scidb'
'unfold','scidb'
'uniq','scidb'
'unload_library','scidb'
'unpack','scidb'
'variable_window','scidb'
'versions','scidb'
'window','scidb'
'xgrid','scidb'

