Setup ... done
test_00_load_3d_ac ... ok
test_01_load_3d_concrete ... ok
test_02_nocoll_3d_counts_and_sums ... ok
test_03_nocoll_3d_check_values ... ok
test_04_load_2d_ac_w_collisions ... ok
test_05_load_2d_concrete_w_collisions ... ok
test_06_coll_2d_counts_and_sums ... ok
test_07_coll_2d_check_values ... ok
test_08_load_3d_ac_w_overlap ... ok
test_09_nocoll_3d_overlap_counts_and_sums ... ok
test_10_nocoll_3d_overlap_check_values ... ok
test_11_empty_input ... ok
test_12_one_input_cell ... ok
Teardown ... done
All 13 tests passed.

