Query was executed successfully

{i} a,b
{1} 1,5
{2} 3,2
{3} 2,8
{4} 9,4
{5} 2,1
{6} 5,7
{7} 3,5
{8} 7,6
{9} 2,1
{10} 5,5

Query was executed successfully

Query was executed successfully

Query was executed successfully

Query was executed successfully

{i} a,b,a,b
{2} 3,2,3,2
{4} 9,4,9,4
{5} 2,1,2,1
{8} 7,6,7,6
{9} 2,1,2,1

{i} a,b
{1} 0,1
{2} 0,1
{3} 0,1
{4} 0,1
{5} 0,1
{6} 0,1
{7} 0,1
{8} 0,1
{9} 0,1
{10} 0,1

[An error expected at this place for the query "scan(TEMP)". And it failed.]

{i} a,b
{1} 0,1
{2} 0,1
{3} 0,1
{4} 0,1
{5} 0,1
{6} 0,1
{7} 0,1
{8} 0,1
{9} 0,1
{10} 0,1

{i} a,b

{i} count
{0} 0

{i} a,b
{1} 0,1
{2} 0,1
{3} 0,1
{4} 0,1
{5} 0,1
{6} 0,1
{7} 0,1
{8} 0,1
{9} 0,1
{10} 0,1

{i} a,b

{i} count
{0} 0

Query was executed successfully

Query was executed successfully

Query was executed successfully

Query was executed successfully

Query was executed successfully

