SCIDB QUERY : <create array array1 <attr0: float,attr1: float,attr2: float,attr3: float,attr4: float> [dim0=0:999,10,0]>
Query was executed successfully

SCIDB QUERY : <create array temp0 <attr0: float> [dim0=0:999,10,0]>
[Query was executed successfully, ignoring data output by this query.]

SCIDB QUERY : <store(build(temp0, dim0), temp0)>
[Query was executed successfully, ignoring data output by this query.]

SCIDB QUERY : <create array temp1 <attr0: float,attr1: float> [dim0=0:999,10,0]>
[Query was executed successfully, ignoring data output by this query.]

SCIDB QUERY : <store(apply(temp0, attr1, attr0), temp1)>
[Query was executed successfully, ignoring data output by this query.]

SCIDB QUERY : <remove(temp0)>
[Query was executed successfully, ignoring data output by this query.]

SCIDB QUERY : <create array temp2 <attr0: float,attr1: float,attr2: float> [dim0=0:999,10,0]>
[Query was executed successfully, ignoring data output by this query.]

SCIDB QUERY : <store(apply(temp1, attr2, attr0), temp2)>
[Query was executed successfully, ignoring data output by this query.]

SCIDB QUERY : <remove(temp1)>
[Query was executed successfully, ignoring data output by this query.]

SCIDB QUERY : <create array temp3 <attr0: float,attr1: float,attr2: float,attr3: float> [dim0=0:999,10,0]>
[Query was executed successfully, ignoring data output by this query.]

SCIDB QUERY : <store(apply(temp2, attr3, attr0), temp3)>
[Query was executed successfully, ignoring data output by this query.]

SCIDB QUERY : <remove(temp2)>
[Query was executed successfully, ignoring data output by this query.]

SCIDB QUERY : <create array temp4 <attr0: float,attr1: float,attr2: float,attr3: float,attr4: float> [dim0=0:999,10,0]>
[Query was executed successfully, ignoring data output by this query.]

SCIDB QUERY : <store(apply(temp3, attr4, attr0), temp4)>
[Query was executed successfully, ignoring data output by this query.]

SCIDB QUERY : <remove(temp3)>
[Query was executed successfully, ignoring data output by this query.]

SCIDB QUERY : <save(temp4, '/tmp/array1.hdf5:attr0:attr1:attr2:attr3:attr4',-2,'hdf5')>
[Query was executed successfully, ignoring data output by this query.]

SCIDB QUERY : <remove(temp4)>
[Query was executed successfully, ignoring data output by this query.]

SCIDB QUERY : <scan_hdf5(array1)>
[Query was executed successfully, ignoring data output by this query.]

SCIDB QUERY : <aggregate(scan_hdf5(array1), count(attr0))>
{i} attr0_count
{0} 1000

SCIDB QUERY : <aggregate(scan_hdf5(array1), count(attr1))>
{i} attr1_count
{0} 1000

SCIDB QUERY : <aggregate(scan_hdf5(array1), count(attr2))>
{i} attr2_count
{0} 1000

SCIDB QUERY : <aggregate(scan_hdf5(array1), count(attr3))>
{i} attr3_count
{0} 1000

SCIDB QUERY : <aggregate(scan_hdf5(array1), count(attr4))>
{i} attr4_count
{0} 1000

SCIDB QUERY : <aggregate(scan_hdf5(array1), avg(attr0))>
{i} attr0_avg
{0} 499.5

SCIDB QUERY : <aggregate(scan_hdf5(array1), avg(attr1))>
{i} attr1_avg
{0} 499.5

SCIDB QUERY : <aggregate(scan_hdf5(array1), avg(attr2))>
{i} attr2_avg
{0} 499.5

SCIDB QUERY : <aggregate(scan_hdf5(array1), avg(attr3))>
{i} attr3_avg
{0} 499.5

SCIDB QUERY : <aggregate(scan_hdf5(array1), avg(attr4))>
{i} attr4_avg
{0} 499.5

SCIDB QUERY : <remove(array1)>
Query was executed successfully

