Query was executed successfully

Query was executed successfully

Query was executed successfully

Query was executed successfully

Insert when chunk sizes differ.
[Query was executed successfully, ignoring data output by this query.]

{i} count
{0} 100

Insert when overlaps differ.
[Query was executed successfully, ignoring data output by this query.]

{i} count
{0} 100

Insert when both chunks and overlaps differ.
[Query was executed successfully, ignoring data output by this query.]

{i} count
{0} 100

Query was executed successfully

Query was executed successfully

Query was executed successfully

Query was executed successfully

