Query was executed successfully

Query was executed successfully

Query was executed successfully

Query was executed successfully

Store when chunk sizes differ.
[Query was executed successfully, ignoring data output by this query.]

{i} count
{0} 100

Store when overlaps differ.
[Query was executed successfully, ignoring data output by this query.]

{i} count
{0} 100

Store when both chunks and overlaps differ.
[Query was executed successfully, ignoring data output by this query.]

{i} count
{0} 100

Query was executed successfully

Query was executed successfully

Query was executed successfully

Query was executed successfully

