SCIDB QUERY : <create array array1 <attr0: uint64> [dim0=0:999999,1000,0]>
Query was executed successfully

SCIDB QUERY : <save(build(array1, dim0), '/tmp/array1.hdf5:attr0',-2,'hdf5')>
{dim0} attr0

SCIDB QUERY : <scan_hdf5(array1)>
[Query was executed successfully, ignoring data output by this query.]

SCIDB QUERY : <aggregate(scan_hdf5(array1), count(attr0))>
{i} attr0_count
{0} 1000000

SCIDB QUERY : <aggregate(scan_hdf5(array1), avg(attr0))>
{i} attr0_avg
{0} 500000

SCIDB QUERY : <remove(array1)>
Query was executed successfully

