Query was executed successfully

Query was executed successfully

Query was executed successfully

"Physical Plan of auto-inserted repart/redimension for cross_join(left_array,right_array,j,k)"
SCIDB QUERY : <iquery -c $IQUERY_HOST -p $IQUERY_PORT -aq "_explain_physical('cross_join(left_array,right_array,j,k)','afl')" | sed -f ${TESTDIR}/fix_physplan.sed>
{No} physical_plan
{0} '[pPlan]:
>[pNode] physicalCrossJoin ddl 0 tile 0 children 2
  schema public.left_arrayright_array<val:double,val:double> [ileft_array, public.left_array=0:29 (x:y),10,2,jleft_array, public.left_array=0:19 (x:y),5,3]
>>[pNode] physicalScan ddl 0 tile 1 children 0
   schema public.left_array<val:double> [ipublic.left_array=0:29 (x:y),10,2,jpublic.left_array=0:19 (x:y),5,3]
>>[pNode] impl_sg ddl 0 tile 0 children 1
   schema public.right_array<val:double> [kpublic.right_array=0:39 (x:y),5,3]
>>>[pNode] physicalRepart ddl 0 tile 0 children 1
    schema public.right_array<val:double> [kpublic.right_array=0:39 (x:y),5,3]
>>>>[pNode] physicalScan ddl 0 tile 1 children 0
     schema public.right_array<val:double> [kpublic.right_array=0:39 (x:y),20,4]

SCIDB QUERY : <iquery -c $IQUERY_HOST -p $IQUERY_PORT -aq "_explain_physical('cross_join(left_array, repart(right_array,<val:double>[k=0:39,*,3]), j, k)','afl')" | sed -f ${TESTDIR}/fix_physplan.sed>
{No} physical_plan
{0} '[pPlan]:
>[pNode] physicalCrossJoin ddl 0 tile 0 children 2
  schema public.left_arrayright_array<val:double,val:double> [ileft_array, public.left_array=0:29 (x:y),10,2,jleft_array, public.left_array=0:19 (x:y),5,3]
>>[pNode] physicalScan ddl 0 tile 1 children 0
   schema public.left_array<val:double> [ipublic.left_array=0:29 (x:y),10,2,jpublic.left_array=0:19 (x:y),5,3]
>>[pNode] impl_sg ddl 0 tile 0 children 1
   schema public.right_array<val:double> [k=0:39 (x:y),5,3]
>>>[pNode] physicalRepart ddl 0 tile 0 children 1
    schema public.right_array<val:double> [k=0:39 (x:y),5,3]
>>>>[pNode] physicalScan ddl 0 tile 1 children 0
     schema public.right_array<val:double> [kpublic.right_array=0:39 (x:y),20,4]

"Test startMin Mismatch"
SCIDB QUERY : <cross_join(left_array, redimension(right_array,<val:double>[k=1:39,*,0]), j, k)>
[An error expected at this place for the query "cross_join(left_array, redimension(right_array,<val:double>[k=1:39,*,0]), j, k)". And it failed with error code = scidb::SCIDB_SE_INFER_SCHEMA::SCIDB_LE_START_INDEX_MISMATCH. Expected error code = scidb::SCIDB_SE_INFER_SCHEMA::SCIDB_LE_START_INDEX_MISMATCH.]

SCIDB QUERY : <cross_join(left_array, redimension(right_array,<val:double>[k=1:40,*,0]), j, k)>
[An error expected at this place for the query "cross_join(left_array, redimension(right_array,<val:double>[k=1:40,*,0]), j, k)". And it failed with error code = scidb::SCIDB_SE_INFER_SCHEMA::SCIDB_LE_START_INDEX_MISMATCH. Expected error code = scidb::SCIDB_SE_INFER_SCHEMA::SCIDB_LE_START_INDEX_MISMATCH.]

SCIDB QUERY : <cross_join(left_array, redimension(other_right,<val:double>[k=1:40,*,0]), j, k)>
[An error expected at this place for the query "cross_join(left_array, redimension(other_right,<val:double>[k=1:40,*,0]), j, k)". And it failed with error code = scidb::SCIDB_SE_INFER_SCHEMA::SCIDB_LE_START_INDEX_MISMATCH. Expected error code = scidb::SCIDB_SE_INFER_SCHEMA::SCIDB_LE_START_INDEX_MISMATCH.]

SCIDB QUERY : <cross_join(left_array, other_right, j, k)>
[An error expected at this place for the query "cross_join(left_array, other_right, j, k)". And it failed with error code = scidb::SCIDB_SE_INFER_SCHEMA::SCIDB_LE_START_INDEX_MISMATCH. Expected error code = scidb::SCIDB_SE_INFER_SCHEMA::SCIDB_LE_START_INDEX_MISMATCH.]

SCIDB QUERY : <iquery -c $IQUERY_HOST -p $IQUERY_PORT -aq "_explain_physical('cross_join(left_array,redimension(other_right,<val:double>[k=0:39,*,3]))','afl')" | sed -f ${TESTDIR}/fix_physplan.sed>
{No} physical_plan
{0} '[pPlan]:
>[pNode] physicalCrossJoin ddl 0 tile 0 children 2
  schema public.left_arrayother_right<val:double,val:double> [ileft_array, public.left_array=0:29 (x:y),10,2,jleft_array, public.left_array=0:19 (x:y),5,3,kother_right=0:39 (x:y),*,3]
>>[pNode] physicalScan ddl 0 tile 1 children 0
   schema public.left_array<val:double> [ipublic.left_array=0:29 (x:y),10,2,jpublic.left_array=0:19 (x:y),5,3]
>>[pNode] impl_sg ddl 0 tile 0 children 1
   schema public.other_right<val:double> [k=0:39 (x:y),*,3]
>>>[pNode] PhysicalRedimension ddl 0 tile 0 children 1
    schema public.other_right<val:double> [k=0:39 (x:y),*,3]
>>>>[pNode] physicalScan ddl 0 tile 1 children 0
     schema public.other_right<val:double> [kpublic.other_right=1:40 (x:y),20,4]

"Test altering endMax"
SCIDB QUERY : <iquery -c $IQUERY_HOST -p $IQUERY_PORT -aq "_explain_physical('cross_join(left_array,redimension(right_array,<val:double>[k=0:3,*,3]))','afl')" | sed -f ${TESTDIR}/fix_physplan.sed>
{No} physical_plan
{0} '[pPlan]:
>[pNode] physicalCrossJoin ddl 0 tile 0 children 2
  schema public.left_arrayright_array<val:double,val:double> [ileft_array, public.left_array=0:29 (x:y),10,2,jleft_array, public.left_array=0:19 (x:y),5,3,kright_array=0:3 (x:y),*,3]
>>[pNode] physicalScan ddl 0 tile 1 children 0
   schema public.left_array<val:double> [ipublic.left_array=0:29 (x:y),10,2,jpublic.left_array=0:19 (x:y),5,3]
>>[pNode] impl_sg ddl 0 tile 0 children 1
   schema public.right_array<val:double> [k=0:3 (x:y),*,3]
>>>[pNode] PhysicalRedimension ddl 0 tile 0 children 1
    schema public.right_array<val:double> [k=0:3 (x:y),*,3]
>>>>[pNode] physicalScan ddl 0 tile 1 children 0
     schema public.right_array<val:double> [kpublic.right_array=0:39 (x:y),20,4]

SCIDB QUERY : <iquery -c $IQUERY_HOST -p $IQUERY_PORT -aq "_explain_physical('cross_join(left_array, redimension(right_array,<val:double>[k=0:44,*,3]), j, k)','afl')" | sed -f ${TESTDIR}/fix_physplan.sed>
{No} physical_plan
{0} '[pPlan]:
>[pNode] physicalCrossJoin ddl 0 tile 0 children 2
  schema public.left_arrayright_array<val:double,val:double> [ileft_array, public.left_array=0:29 (x:y),10,2,jleft_array, public.left_array=0:19 (x:y),5,3]
>>[pNode] physicalScan ddl 0 tile 1 children 0
   schema public.left_array<val:double> [ipublic.left_array=0:29 (x:y),10,2,jpublic.left_array=0:19 (x:y),5,3]
>>[pNode] impl_sg ddl 0 tile 0 children 1
   schema public.right_array<val:double> [k=0:44 (x:y),5,3]
>>>[pNode] PhysicalRedimension ddl 0 tile 0 children 1
    schema public.right_array<val:double> [k=0:44 (x:y),5,3]
>>>>[pNode] physicalScan ddl 0 tile 1 children 0
     schema public.right_array<val:double> [kpublic.right_array=0:39 (x:y),20,4]

"Explicit Chunk Interval does not match auto-inserted repart"
SCIDB QUERY : <cross_join(left_array, redimension(right_array,<val:double>[k=0:39,4,3]), j, k)>
[An error expected at this place for the query "cross_join(left_array, redimension(right_array,<val:double>[k=0:39,4,3]), j, k)". And it failed with error code = scidb::SCIDB_SE_OPERATOR::SCIDB_LE_BAD_EXPLICIT_REPART. Expected error code = scidb::SCIDB_SE_OPERATOR::SCIDB_LE_BAD_EXPLICIT_REPART.]

SCIDB QUERY : <cross_join(left_array, redimension(right_array,<val:double>[k=0:39,6,3]), j, k)>
[An error expected at this place for the query "cross_join(left_array, redimension(right_array,<val:double>[k=0:39,6,3]), j, k)". And it failed with error code = scidb::SCIDB_SE_OPERATOR::SCIDB_LE_BAD_EXPLICIT_REPART. Expected error code = scidb::SCIDB_SE_OPERATOR::SCIDB_LE_BAD_EXPLICIT_REPART.]

SCIDB QUERY : <cross_join(left_array, redimension(right_array,<val:double>[k=0:39,20,3]), j, k)>
[An error expected at this place for the query "cross_join(left_array, redimension(right_array,<val:double>[k=0:39,20,3]), j, k)". And it failed with error code = scidb::SCIDB_SE_OPERATOR::SCIDB_LE_BAD_EXPLICIT_REPART. Expected error code = scidb::SCIDB_SE_OPERATOR::SCIDB_LE_BAD_EXPLICIT_REPART.]

"repart ChunkOverlap is <= joining dimension's overlap"
SCIDB QUERY : <iquery -c $IQUERY_HOST -p $IQUERY_PORT -aq "_explain_physical('cross_join(left_array, repart(right_array,<val:double>[k=0:39,*,0]), j, k)','afl')" | sed -f ${TESTDIR}/fix_physplan.sed>
{No} physical_plan
{0} '[pPlan]:
>[pNode] physicalCrossJoin ddl 0 tile 0 children 2
  schema public.left_arrayright_array<val:double,val:double> [ileft_array, public.left_array=0:29 (x:y),10,2,jleft_array, public.left_array=0:19 (x:y),5,0]
>>[pNode] physicalScan ddl 0 tile 1 children 0
   schema public.left_array<val:double> [ipublic.left_array=0:29 (x:y),10,2,jpublic.left_array=0:19 (x:y),5,3]
>>[pNode] impl_sg ddl 0 tile 0 children 1
   schema public.right_array<val:double> [k=0:39 (x:y),5,0]
>>>[pNode] physicalRepart ddl 0 tile 0 children 1
    schema public.right_array<val:double> [k=0:39 (x:y),5,0]
>>>>[pNode] physicalScan ddl 0 tile 1 children 0
     schema public.right_array<val:double> [kpublic.right_array=0:39 (x:y),20,4]

SCIDB QUERY : <cross_join(left_array, repart(right_array,<val:double>[k=0:39,*,0]), j, k)>
{i,j} val,val

SCIDB QUERY : <iquery -c $IQUERY_HOST -p $IQUERY_PORT -aq "_explain_physical('cross_join(left_array, repart(right_array,<val:double>[k=0:39,*,1]), j, k)','afl')" | sed -f ${TESTDIR}/fix_physplan.sed>
{No} physical_plan
{0} '[pPlan]:
>[pNode] physicalCrossJoin ddl 0 tile 0 children 2
  schema public.left_arrayright_array<val:double,val:double> [ileft_array, public.left_array=0:29 (x:y),10,2,jleft_array, public.left_array=0:19 (x:y),5,1]
>>[pNode] physicalScan ddl 0 tile 1 children 0
   schema public.left_array<val:double> [ipublic.left_array=0:29 (x:y),10,2,jpublic.left_array=0:19 (x:y),5,3]
>>[pNode] impl_sg ddl 0 tile 0 children 1
   schema public.right_array<val:double> [k=0:39 (x:y),5,1]
>>>[pNode] physicalRepart ddl 0 tile 0 children 1
    schema public.right_array<val:double> [k=0:39 (x:y),5,1]
>>>>[pNode] physicalScan ddl 0 tile 1 children 0
     schema public.right_array<val:double> [kpublic.right_array=0:39 (x:y),20,4]

SCIDB QUERY : <iquery -c $IQUERY_HOST -p $IQUERY_PORT -aq "_explain_physical('cross_join(left_array, repart(right_array,<val:double>[k=0:39,*,2]), j, k)','afl')" | sed -f ${TESTDIR}/fix_physplan.sed>
{No} physical_plan
{0} '[pPlan]:
>[pNode] physicalCrossJoin ddl 0 tile 0 children 2
  schema public.left_arrayright_array<val:double,val:double> [ileft_array, public.left_array=0:29 (x:y),10,2,jleft_array, public.left_array=0:19 (x:y),5,2]
>>[pNode] physicalScan ddl 0 tile 1 children 0
   schema public.left_array<val:double> [ipublic.left_array=0:29 (x:y),10,2,jpublic.left_array=0:19 (x:y),5,3]
>>[pNode] impl_sg ddl 0 tile 0 children 1
   schema public.right_array<val:double> [k=0:39 (x:y),5,2]
>>>[pNode] physicalRepart ddl 0 tile 0 children 1
    schema public.right_array<val:double> [k=0:39 (x:y),5,2]
>>>>[pNode] physicalScan ddl 0 tile 1 children 0
     schema public.right_array<val:double> [kpublic.right_array=0:39 (x:y),20,4]

SCIDB QUERY : <cross_join(left_array, repart(right_array,<val:double>[k=0:39,*,5]), j, k)>
[An error expected at this place for the query "cross_join(left_array, repart(right_array,<val:double>[k=0:39,*,5]), j, k)". And it failed with error code = scidb::SCIDB_SE_OPERATOR::SCIDB_LE_BAD_EXPLICIT_REPART. Expected error code = scidb::SCIDB_SE_OPERATOR::SCIDB_LE_BAD_EXPLICIT_REPART.]

Query was executed successfully

Query was executed successfully

Query was executed successfully

