Query was executed successfully

Query was executed successfully

Query was executed successfully

[Query was executed successfully, ignoring data output by this query.]

[Query was executed successfully, ignoring data output by this query.]

[Query was executed successfully, ignoring data output by this query.]

Physical Plan of auto-inserted repart/redimension: merge(aa,bb)
SCIDB QUERY : <iquery -c $IQUERY_HOST -p $IQUERY_PORT -aq "_explain_physical('merge(aa,bb)','afl')" | sed -f ${TESTDIR}/fix_physplan.sed>
{No} physical_plan
{0} '[pPlan]:
>[pNode] physicalMerge ddl 0 tile 0 children 2
  schema public.aa<v1:int64> [xpublic.aa=0:99 (x:y),10,5,ypublic.aa=0:9 (x:y),10,1]
>>[pNode] physicalScan ddl 0 tile 1 children 0
   schema public.aa<v1:int64> [xpublic.aa=0:99 (x:y),10,5,ypublic.aa=0:9 (x:y),10,1]
>>[pNode] impl_sg ddl 0 tile 0 children 1
   schema public.bb<v2:int64> [zpublic.bb=0:99 (x:y),10,5,wpublic.bb=0:9 (x:y),10,1]
>>>[pNode] physicalRepart ddl 0 tile 0 children 1
    schema public.bb<v2:int64> [zpublic.bb=0:99 (x:y),10,5,wpublic.bb=0:9 (x:y),10,1]
>>>>[pNode] physicalScan ddl 0 tile 1 children 0
     schema public.bb<v2:int64> [zpublic.bb=0:99 (x:y),100,0,wpublic.bb=0:9 (x:y),10,4]

SCIDB QUERY : <merge(redimension(aa,<v1:int64>[x,y]),redimension(bb,<v2:int64>[z,w]),redimension(cc,<v3:int64>[z,w]))>
[An error expected at this place for the query "merge(redimension(aa,<v1:int64>[x,y]),redimension(bb,<v2:int64>[z,w]),redimension(cc,<v3:int64>[z,w]))". And it failed with error code = scidb::SCIDB_SE_OPERATOR::SCIDB_LE_ALL_INPUTS_AUTOCHUNKED. Expected error code = scidb::SCIDB_SE_OPERATOR::SCIDB_LE_ALL_INPUTS_AUTOCHUNKED.]

Physical Plan of collapsed repart/redimension
SCIDB QUERY : <iquery -c $IQUERY_HOST -p $IQUERY_PORT -aq "_explain_physical('merge(aa,repart(bb,<v2:int64>[z=0:99,*,5 , w=0:9,10,1]))','afl')" | sed -f ${TESTDIR}/fix_physplan.sed>
{No} physical_plan
{0} '[pPlan]:
>[pNode] physicalMerge ddl 0 tile 0 children 2
  schema public.aa<v1:int64> [xpublic.aa=0:99 (x:y),10,5,ypublic.aa=0:9 (x:y),10,1]
>>[pNode] physicalScan ddl 0 tile 1 children 0
   schema public.aa<v1:int64> [xpublic.aa=0:99 (x:y),10,5,ypublic.aa=0:9 (x:y),10,1]
>>[pNode] impl_sg ddl 0 tile 0 children 1
   schema public.bb<v2:int64> [z=0:99 (x:y),10,5,w=0:9 (x:y),10,1]
>>>[pNode] physicalRepart ddl 0 tile 0 children 1
    schema public.bb<v2:int64> [z=0:99 (x:y),10,5,w=0:9 (x:y),10,1]
>>>>[pNode] physicalScan ddl 0 tile 1 children 0
     schema public.bb<v2:int64> [zpublic.bb=0:99 (x:y),100,0,wpublic.bb=0:9 (x:y),10,4]

SCIDB QUERY : <iquery -c $IQUERY_HOST -p $IQUERY_PORT -aq "_explain_physical('merge(aa,repart(bb,<v2:int64>[z=0:99,10,5 , w=0:9,*,1]))','afl')" | sed -f ${TESTDIR}/fix_physplan.sed>
{No} physical_plan
{0} '[pPlan]:
>[pNode] physicalMerge ddl 0 tile 0 children 2
  schema public.aa<v1:int64> [xpublic.aa=0:99 (x:y),10,5,ypublic.aa=0:9 (x:y),10,1]
>>[pNode] physicalScan ddl 0 tile 1 children 0
   schema public.aa<v1:int64> [xpublic.aa=0:99 (x:y),10,5,ypublic.aa=0:9 (x:y),10,1]
>>[pNode] impl_sg ddl 0 tile 0 children 1
   schema public.bb<v2:int64> [z=0:99 (x:y),10,5,w=0:9 (x:y),10,1]
>>>[pNode] physicalRepart ddl 0 tile 0 children 1
    schema public.bb<v2:int64> [z=0:99 (x:y),10,5,w=0:9 (x:y),10,1]
>>>>[pNode] physicalScan ddl 0 tile 1 children 0
     schema public.bb<v2:int64> [zpublic.bb=0:99 (x:y),100,0,wpublic.bb=0:9 (x:y),10,4]

SCIDB QUERY : <iquery -c $IQUERY_HOST -p $IQUERY_PORT -aq "_explain_physical('merge(aa,repart(bb,<v2:int64>[z=0:99,*,5 , w=0:9,*,1]))','afl')" | sed -f ${TESTDIR}/fix_physplan.sed>
{No} physical_plan
{0} '[pPlan]:
>[pNode] physicalMerge ddl 0 tile 0 children 2
  schema public.aa<v1:int64> [xpublic.aa=0:99 (x:y),10,5,ypublic.aa=0:9 (x:y),10,1]
>>[pNode] physicalScan ddl 0 tile 1 children 0
   schema public.aa<v1:int64> [xpublic.aa=0:99 (x:y),10,5,ypublic.aa=0:9 (x:y),10,1]
>>[pNode] impl_sg ddl 0 tile 0 children 1
   schema public.bb<v2:int64> [z=0:99 (x:y),10,5,w=0:9 (x:y),10,1]
>>>[pNode] physicalRepart ddl 0 tile 0 children 1
    schema public.bb<v2:int64> [z=0:99 (x:y),10,5,w=0:9 (x:y),10,1]
>>>>[pNode] physicalScan ddl 0 tile 1 children 0
     schema public.bb<v2:int64> [zpublic.bb=0:99 (x:y),100,0,wpublic.bb=0:9 (x:y),10,4]

SCIDB QUERY : <store(merge(aa,bb),aa_bb)>
[Query was executed successfully, ignoring data output by this query.]

SCIDB QUERY : <store(merge(aa,repart(bb,<v2:int64>[z=0:99,*,5 , w=0:9,10,1])), aa_repart_A_10)>
[Query was executed successfully, ignoring data output by this query.]

SCIDB QUERY : <store(merge(aa,merge(aa,repart(bb,<v2:int64>[z=0:99,10,5 , w=0:9,*,1]))), aa_repart_10_A)>
[Query was executed successfully, ignoring data output by this query.]

SCIDB QUERY : <store(merge(aa,repart(bb,<v2:int64>[z=0:99,*,5 , w=0:9,*,1])), aa_repart_A_A)>
[Query was executed successfully, ignoring data output by this query.]

SCIDB QUERY : <store(merge(repart(aa,<v1:int64>[x=0:99,*,0,y=0:9,*,4]),bb), repart_A_A_bb)>
[Query was executed successfully, ignoring data output by this query.]

SCIDB QUERY : <store(merge(repart(aa,<v1:int64>[x=0:99,*,0,y=0:9,10,4]),bb), repart_A_10_bb)>
[Query was executed successfully, ignoring data output by this query.]

SCIDB QUERY : <store(merge(repart(aa,<v1:int64>[x=0:99,100,0,y=0:9,*,4]),bb), repart_100_A_bb)>
[Query was executed successfully, ignoring data output by this query.]

confirm that the results of output are the same
SCIDB QUERY : <scan(aa_bb)>
{x,y} v1
{0,0} 0
{0,1} 1
{0,2} 2
{0,3} 3
{0,4} 4
{0,5} 5
{0,6} 6
{0,7} 7
{0,8} 8
{0,9} 9
{1,0} 1
{1,1} 2
{1,2} 3
{1,3} 4
{1,4} 5
{1,5} 6
{1,6} 7
{1,7} 8
{1,8} 9
{1,9} 10
{2,0} 2
{2,1} 3
{2,2} 4
{2,3} 5
{2,4} 6
{2,5} 7
{2,6} 8
{2,7} 9
{2,8} 10
{2,9} 11
{3,0} 3
{3,1} 4
{3,2} 5
{3,3} 6
{3,4} 7
{3,5} 8
{3,6} 9
{3,7} 10
{3,8} 11
{3,9} 12
{4,0} 4
{4,1} 5
{4,2} 6
{4,3} 7
{4,4} 8
{4,5} 9
{4,6} 10
{4,7} 11
{4,8} 12
{4,9} 13
{5,0} 105
{5,1} 105
{5,2} 105
{5,3} 105
{5,4} 105
{5,5} 105
{5,6} 105
{5,7} 105
{5,8} 105
{5,9} 105
{6,0} 106
{6,1} 106
{6,2} 106
{6,3} 106
{6,4} 106
{6,5} 106
{6,6} 106
{6,7} 106
{6,8} 106
{6,9} 106
{7,0} 107
{7,1} 107
{7,2} 107
{7,3} 107
{7,4} 107
{7,5} 107
{7,6} 107
{7,7} 107
{7,8} 107
{7,9} 107
{8,0} 108
{8,1} 108
{8,2} 108
{8,3} 108
{8,4} 108
{8,5} 108
{8,6} 108
{8,7} 108
{8,8} 108
{8,9} 108
{9,0} 109
{9,1} 109
{9,2} 109
{9,3} 109
{9,4} 109
{9,5} 109
{9,6} 109
{9,7} 109
{9,8} 109
{9,9} 109
{10,0} 110
{10,1} 110
{10,2} 110
{10,3} 110
{10,4} 110
{10,5} 110
{10,6} 110
{10,7} 110
{10,8} 110
{10,9} 110

SCIDB QUERY : <scan(aa_repart_A_10)>
{x,y} v1
{0,0} 0
{0,1} 1
{0,2} 2
{0,3} 3
{0,4} 4
{0,5} 5
{0,6} 6
{0,7} 7
{0,8} 8
{0,9} 9
{1,0} 1
{1,1} 2
{1,2} 3
{1,3} 4
{1,4} 5
{1,5} 6
{1,6} 7
{1,7} 8
{1,8} 9
{1,9} 10
{2,0} 2
{2,1} 3
{2,2} 4
{2,3} 5
{2,4} 6
{2,5} 7
{2,6} 8
{2,7} 9
{2,8} 10
{2,9} 11
{3,0} 3
{3,1} 4
{3,2} 5
{3,3} 6
{3,4} 7
{3,5} 8
{3,6} 9
{3,7} 10
{3,8} 11
{3,9} 12
{4,0} 4
{4,1} 5
{4,2} 6
{4,3} 7
{4,4} 8
{4,5} 9
{4,6} 10
{4,7} 11
{4,8} 12
{4,9} 13
{5,0} 105
{5,1} 105
{5,2} 105
{5,3} 105
{5,4} 105
{5,5} 105
{5,6} 105
{5,7} 105
{5,8} 105
{5,9} 105
{6,0} 106
{6,1} 106
{6,2} 106
{6,3} 106
{6,4} 106
{6,5} 106
{6,6} 106
{6,7} 106
{6,8} 106
{6,9} 106
{7,0} 107
{7,1} 107
{7,2} 107
{7,3} 107
{7,4} 107
{7,5} 107
{7,6} 107
{7,7} 107
{7,8} 107
{7,9} 107
{8,0} 108
{8,1} 108
{8,2} 108
{8,3} 108
{8,4} 108
{8,5} 108
{8,6} 108
{8,7} 108
{8,8} 108
{8,9} 108
{9,0} 109
{9,1} 109
{9,2} 109
{9,3} 109
{9,4} 109
{9,5} 109
{9,6} 109
{9,7} 109
{9,8} 109
{9,9} 109
{10,0} 110
{10,1} 110
{10,2} 110
{10,3} 110
{10,4} 110
{10,5} 110
{10,6} 110
{10,7} 110
{10,8} 110
{10,9} 110

SCIDB QUERY : <scan(aa_repart_10_A)>
{x,y} v1
{0,0} 0
{0,1} 1
{0,2} 2
{0,3} 3
{0,4} 4
{0,5} 5
{0,6} 6
{0,7} 7
{0,8} 8
{0,9} 9
{1,0} 1
{1,1} 2
{1,2} 3
{1,3} 4
{1,4} 5
{1,5} 6
{1,6} 7
{1,7} 8
{1,8} 9
{1,9} 10
{2,0} 2
{2,1} 3
{2,2} 4
{2,3} 5
{2,4} 6
{2,5} 7
{2,6} 8
{2,7} 9
{2,8} 10
{2,9} 11
{3,0} 3
{3,1} 4
{3,2} 5
{3,3} 6
{3,4} 7
{3,5} 8
{3,6} 9
{3,7} 10
{3,8} 11
{3,9} 12
{4,0} 4
{4,1} 5
{4,2} 6
{4,3} 7
{4,4} 8
{4,5} 9
{4,6} 10
{4,7} 11
{4,8} 12
{4,9} 13
{5,0} 105
{5,1} 105
{5,2} 105
{5,3} 105
{5,4} 105
{5,5} 105
{5,6} 105
{5,7} 105
{5,8} 105
{5,9} 105
{6,0} 106
{6,1} 106
{6,2} 106
{6,3} 106
{6,4} 106
{6,5} 106
{6,6} 106
{6,7} 106
{6,8} 106
{6,9} 106
{7,0} 107
{7,1} 107
{7,2} 107
{7,3} 107
{7,4} 107
{7,5} 107
{7,6} 107
{7,7} 107
{7,8} 107
{7,9} 107
{8,0} 108
{8,1} 108
{8,2} 108
{8,3} 108
{8,4} 108
{8,5} 108
{8,6} 108
{8,7} 108
{8,8} 108
{8,9} 108
{9,0} 109
{9,1} 109
{9,2} 109
{9,3} 109
{9,4} 109
{9,5} 109
{9,6} 109
{9,7} 109
{9,8} 109
{9,9} 109
{10,0} 110
{10,1} 110
{10,2} 110
{10,3} 110
{10,4} 110
{10,5} 110
{10,6} 110
{10,7} 110
{10,8} 110
{10,9} 110

SCIDB QUERY : <scan(aa_repart_A_A)>
{x,y} v1
{0,0} 0
{0,1} 1
{0,2} 2
{0,3} 3
{0,4} 4
{0,5} 5
{0,6} 6
{0,7} 7
{0,8} 8
{0,9} 9
{1,0} 1
{1,1} 2
{1,2} 3
{1,3} 4
{1,4} 5
{1,5} 6
{1,6} 7
{1,7} 8
{1,8} 9
{1,9} 10
{2,0} 2
{2,1} 3
{2,2} 4
{2,3} 5
{2,4} 6
{2,5} 7
{2,6} 8
{2,7} 9
{2,8} 10
{2,9} 11
{3,0} 3
{3,1} 4
{3,2} 5
{3,3} 6
{3,4} 7
{3,5} 8
{3,6} 9
{3,7} 10
{3,8} 11
{3,9} 12
{4,0} 4
{4,1} 5
{4,2} 6
{4,3} 7
{4,4} 8
{4,5} 9
{4,6} 10
{4,7} 11
{4,8} 12
{4,9} 13
{5,0} 105
{5,1} 105
{5,2} 105
{5,3} 105
{5,4} 105
{5,5} 105
{5,6} 105
{5,7} 105
{5,8} 105
{5,9} 105
{6,0} 106
{6,1} 106
{6,2} 106
{6,3} 106
{6,4} 106
{6,5} 106
{6,6} 106
{6,7} 106
{6,8} 106
{6,9} 106
{7,0} 107
{7,1} 107
{7,2} 107
{7,3} 107
{7,4} 107
{7,5} 107
{7,6} 107
{7,7} 107
{7,8} 107
{7,9} 107
{8,0} 108
{8,1} 108
{8,2} 108
{8,3} 108
{8,4} 108
{8,5} 108
{8,6} 108
{8,7} 108
{8,8} 108
{8,9} 108
{9,0} 109
{9,1} 109
{9,2} 109
{9,3} 109
{9,4} 109
{9,5} 109
{9,6} 109
{9,7} 109
{9,8} 109
{9,9} 109
{10,0} 110
{10,1} 110
{10,2} 110
{10,3} 110
{10,4} 110
{10,5} 110
{10,6} 110
{10,7} 110
{10,8} 110
{10,9} 110

SCIDB QUERY : <scan(repart_A_A_bb)>
{x,y} v1
{0,0} 0
{0,1} 1
{0,2} 2
{0,3} 3
{0,4} 4
{0,5} 5
{0,6} 6
{0,7} 7
{0,8} 8
{0,9} 9
{1,0} 1
{1,1} 2
{1,2} 3
{1,3} 4
{1,4} 5
{1,5} 6
{1,6} 7
{1,7} 8
{1,8} 9
{1,9} 10
{2,0} 2
{2,1} 3
{2,2} 4
{2,3} 5
{2,4} 6
{2,5} 7
{2,6} 8
{2,7} 9
{2,8} 10
{2,9} 11
{3,0} 3
{3,1} 4
{3,2} 5
{3,3} 6
{3,4} 7
{3,5} 8
{3,6} 9
{3,7} 10
{3,8} 11
{3,9} 12
{4,0} 4
{4,1} 5
{4,2} 6
{4,3} 7
{4,4} 8
{4,5} 9
{4,6} 10
{4,7} 11
{4,8} 12
{4,9} 13
{5,0} 105
{5,1} 105
{5,2} 105
{5,3} 105
{5,4} 105
{5,5} 105
{5,6} 105
{5,7} 105
{5,8} 105
{5,9} 105
{6,0} 106
{6,1} 106
{6,2} 106
{6,3} 106
{6,4} 106
{6,5} 106
{6,6} 106
{6,7} 106
{6,8} 106
{6,9} 106
{7,0} 107
{7,1} 107
{7,2} 107
{7,3} 107
{7,4} 107
{7,5} 107
{7,6} 107
{7,7} 107
{7,8} 107
{7,9} 107
{8,0} 108
{8,1} 108
{8,2} 108
{8,3} 108
{8,4} 108
{8,5} 108
{8,6} 108
{8,7} 108
{8,8} 108
{8,9} 108
{9,0} 109
{9,1} 109
{9,2} 109
{9,3} 109
{9,4} 109
{9,5} 109
{9,6} 109
{9,7} 109
{9,8} 109
{9,9} 109
{10,0} 110
{10,1} 110
{10,2} 110
{10,3} 110
{10,4} 110
{10,5} 110
{10,6} 110
{10,7} 110
{10,8} 110
{10,9} 110

SCIDB QUERY : <scan(repart_A_10_bb)>
{x,y} v1
{0,0} 0
{0,1} 1
{0,2} 2
{0,3} 3
{0,4} 4
{0,5} 5
{0,6} 6
{0,7} 7
{0,8} 8
{0,9} 9
{1,0} 1
{1,1} 2
{1,2} 3
{1,3} 4
{1,4} 5
{1,5} 6
{1,6} 7
{1,7} 8
{1,8} 9
{1,9} 10
{2,0} 2
{2,1} 3
{2,2} 4
{2,3} 5
{2,4} 6
{2,5} 7
{2,6} 8
{2,7} 9
{2,8} 10
{2,9} 11
{3,0} 3
{3,1} 4
{3,2} 5
{3,3} 6
{3,4} 7
{3,5} 8
{3,6} 9
{3,7} 10
{3,8} 11
{3,9} 12
{4,0} 4
{4,1} 5
{4,2} 6
{4,3} 7
{4,4} 8
{4,5} 9
{4,6} 10
{4,7} 11
{4,8} 12
{4,9} 13
{5,0} 105
{5,1} 105
{5,2} 105
{5,3} 105
{5,4} 105
{5,5} 105
{5,6} 105
{5,7} 105
{5,8} 105
{5,9} 105
{6,0} 106
{6,1} 106
{6,2} 106
{6,3} 106
{6,4} 106
{6,5} 106
{6,6} 106
{6,7} 106
{6,8} 106
{6,9} 106
{7,0} 107
{7,1} 107
{7,2} 107
{7,3} 107
{7,4} 107
{7,5} 107
{7,6} 107
{7,7} 107
{7,8} 107
{7,9} 107
{8,0} 108
{8,1} 108
{8,2} 108
{8,3} 108
{8,4} 108
{8,5} 108
{8,6} 108
{8,7} 108
{8,8} 108
{8,9} 108
{9,0} 109
{9,1} 109
{9,2} 109
{9,3} 109
{9,4} 109
{9,5} 109
{9,6} 109
{9,7} 109
{9,8} 109
{9,9} 109
{10,0} 110
{10,1} 110
{10,2} 110
{10,3} 110
{10,4} 110
{10,5} 110
{10,6} 110
{10,7} 110
{10,8} 110
{10,9} 110

SCIDB QUERY : <scan(repart_100_A_bb)>
{x,y} v1
{0,0} 0
{0,1} 1
{0,2} 2
{0,3} 3
{0,4} 4
{0,5} 5
{0,6} 6
{0,7} 7
{0,8} 8
{0,9} 9
{1,0} 1
{1,1} 2
{1,2} 3
{1,3} 4
{1,4} 5
{1,5} 6
{1,6} 7
{1,7} 8
{1,8} 9
{1,9} 10
{2,0} 2
{2,1} 3
{2,2} 4
{2,3} 5
{2,4} 6
{2,5} 7
{2,6} 8
{2,7} 9
{2,8} 10
{2,9} 11
{3,0} 3
{3,1} 4
{3,2} 5
{3,3} 6
{3,4} 7
{3,5} 8
{3,6} 9
{3,7} 10
{3,8} 11
{3,9} 12
{4,0} 4
{4,1} 5
{4,2} 6
{4,3} 7
{4,4} 8
{4,5} 9
{4,6} 10
{4,7} 11
{4,8} 12
{4,9} 13
{5,0} 105
{5,1} 105
{5,2} 105
{5,3} 105
{5,4} 105
{5,5} 105
{5,6} 105
{5,7} 105
{5,8} 105
{5,9} 105
{6,0} 106
{6,1} 106
{6,2} 106
{6,3} 106
{6,4} 106
{6,5} 106
{6,6} 106
{6,7} 106
{6,8} 106
{6,9} 106
{7,0} 107
{7,1} 107
{7,2} 107
{7,3} 107
{7,4} 107
{7,5} 107
{7,6} 107
{7,7} 107
{7,8} 107
{7,9} 107
{8,0} 108
{8,1} 108
{8,2} 108
{8,3} 108
{8,4} 108
{8,5} 108
{8,6} 108
{8,7} 108
{8,8} 108
{8,9} 108
{9,0} 109
{9,1} 109
{9,2} 109
{9,3} 109
{9,4} 109
{9,5} 109
{9,6} 109
{9,7} 109
{9,8} 109
{9,9} 109
{10,0} 110
{10,1} 110
{10,2} 110
{10,3} 110
{10,4} 110
{10,5} 110
{10,6} 110
{10,7} 110
{10,8} 110
{10,9} 110

Negative Test Cases: startMin
SCIDB QUERY : <merge(aa,redimension(bb,<v2:int64>[z=1:99,*,5 , w=0:9,10,1]))>
[An error expected at this place for the query "merge(aa,redimension(bb,<v2:int64>[z=1:99,*,5 , w=0:9,10,1]))". And it failed with error code = scidb::SCIDB_SE_INFER_SCHEMA::SCIDB_LE_START_INDEX_MISMATCH. Expected error code = scidb::SCIDB_SE_INFER_SCHEMA::SCIDB_LE_START_INDEX_MISMATCH.]

SCIDB QUERY : <merge(aa,redimension(bb,<v2:int64>[z=1:99,10,5 , w=0:9,*,1]))>
[An error expected at this place for the query "merge(aa,redimension(bb,<v2:int64>[z=1:99,10,5 , w=0:9,*,1]))". And it failed with error code = scidb::SCIDB_SE_INFER_SCHEMA::SCIDB_LE_START_INDEX_MISMATCH. Expected error code = scidb::SCIDB_SE_INFER_SCHEMA::SCIDB_LE_START_INDEX_MISMATCH.]

SCIDB QUERY : <merge(aa,redimension(bb,<v2:int64>[z=1:99,*,5 , w=0:9,*,1]))>
[An error expected at this place for the query "merge(aa,redimension(bb,<v2:int64>[z=1:99,*,5 , w=0:9,*,1]))". And it failed with error code = scidb::SCIDB_SE_INFER_SCHEMA::SCIDB_LE_START_INDEX_MISMATCH. Expected error code = scidb::SCIDB_SE_INFER_SCHEMA::SCIDB_LE_START_INDEX_MISMATCH.]

SCIDB QUERY : <merge(aa,redimension(bb,<v2:int64>[z=0:99,*,5 , w=1:9,10,1]))>
[An error expected at this place for the query "merge(aa,redimension(bb,<v2:int64>[z=0:99,*,5 , w=1:9,10,1]))". And it failed with error code = scidb::SCIDB_SE_INFER_SCHEMA::SCIDB_LE_START_INDEX_MISMATCH. Expected error code = scidb::SCIDB_SE_INFER_SCHEMA::SCIDB_LE_START_INDEX_MISMATCH.]

SCIDB QUERY : <merge(aa,redimension(bb,<v2:int64>[z=0:99,10,5 , w=1:9,*,1]))>
[An error expected at this place for the query "merge(aa,redimension(bb,<v2:int64>[z=0:99,10,5 , w=1:9,*,1]))". And it failed with error code = scidb::SCIDB_SE_INFER_SCHEMA::SCIDB_LE_START_INDEX_MISMATCH. Expected error code = scidb::SCIDB_SE_INFER_SCHEMA::SCIDB_LE_START_INDEX_MISMATCH.]

SCIDB QUERY : <merge(aa,redimension(bb,<v2:int64>[z=0:99,*,5 , w=1:9,*,1]))>
[An error expected at this place for the query "merge(aa,redimension(bb,<v2:int64>[z=0:99,*,5 , w=1:9,*,1]))". And it failed with error code = scidb::SCIDB_SE_INFER_SCHEMA::SCIDB_LE_START_INDEX_MISMATCH. Expected error code = scidb::SCIDB_SE_INFER_SCHEMA::SCIDB_LE_START_INDEX_MISMATCH.]

SCIDB QUERY : <merge(aa,redimension(bb,<v2:int64>[z=1:99,*,5 , w=1:9,10,1]))>
[An error expected at this place for the query "merge(aa,redimension(bb,<v2:int64>[z=1:99,*,5 , w=1:9,10,1]))". And it failed with error code = scidb::SCIDB_SE_INFER_SCHEMA::SCIDB_LE_START_INDEX_MISMATCH. Expected error code = scidb::SCIDB_SE_INFER_SCHEMA::SCIDB_LE_START_INDEX_MISMATCH.]

SCIDB QUERY : <merge(aa,redimension(bb,<v2:int64>[z=1:99,10,5 , w=1:9,*,1]))>
[An error expected at this place for the query "merge(aa,redimension(bb,<v2:int64>[z=1:99,10,5 , w=1:9,*,1]))". And it failed with error code = scidb::SCIDB_SE_INFER_SCHEMA::SCIDB_LE_START_INDEX_MISMATCH. Expected error code = scidb::SCIDB_SE_INFER_SCHEMA::SCIDB_LE_START_INDEX_MISMATCH.]

SCIDB QUERY : <merge(aa,redimension(bb,<v2:int64>[z=1:99,*,5 , w=1:9,*,1]))>
[An error expected at this place for the query "merge(aa,redimension(bb,<v2:int64>[z=1:99,*,5 , w=1:9,*,1]))". And it failed with error code = scidb::SCIDB_SE_INFER_SCHEMA::SCIDB_LE_START_INDEX_MISMATCH. Expected error code = scidb::SCIDB_SE_INFER_SCHEMA::SCIDB_LE_START_INDEX_MISMATCH.]

Increasing endMax
SCIDB QUERY : <iquery -c $IQUERY_HOST -p $IQUERY_PORT -aq "_explain_physical('merge(aa,redimension(bb,<v2:int64>[z=0:*,*,5 , w=0:9,10,1]))','afl')" | sed -f ${TESTDIR}/fix_physplan.sed>
{No} physical_plan
{0} '[pPlan]:
>[pNode] physicalMerge ddl 0 tile 0 children 2
  schema public.aa<v1:int64> [xpublic.aa=0:* (x:y),10,5,ypublic.aa=0:9 (x:y),10,1]
>>[pNode] impl_sg ddl 0 tile 0 children 1
   schema public.aa<v1:int64> [xpublic.aa=0:* (x:y),10,5,ypublic.aa=0:9 (x:y),10,1]
>>>[pNode] PhysicalRedimension ddl 0 tile 0 children 1
    schema public.aa<v1:int64> [xpublic.aa=0:* (x:y),10,5,ypublic.aa=0:9 (x:y),10,1]
>>>>[pNode] physicalScan ddl 0 tile 1 children 0
     schema public.aa<v1:int64> [xpublic.aa=0:99 (x:y),10,5,ypublic.aa=0:9 (x:y),10,1]
>>[pNode] impl_sg ddl 0 tile 0 children 1
   schema public.bb<v2:int64> [z=0:* (x:y),10,5,w=0:9 (x:y),10,1]
>>>[pNode] PhysicalRedimension ddl 0 tile 0 children 1
    schema public.bb<v2:int64> [z=0:* (x:y),10,5,w=0:9 (x:y),10,1]
>>>>[pNode] physicalScan ddl 0 tile 1 children 0
     schema public.bb<v2:int64> [zpublic.bb=0:99 (x:y),100,0,wpublic.bb=0:9 (x:y),10,4]

SCIDB QUERY : <iquery -c $IQUERY_HOST -p $IQUERY_PORT -aq "_explain_physical('merge(aa,redimension(bb,<v2:int64>[z=0:*,10,5 , w=0:9,*,1]))','afl')" | sed -f ${TESTDIR}/fix_physplan.sed>
{No} physical_plan
{0} '[pPlan]:
>[pNode] physicalMerge ddl 0 tile 0 children 2
  schema public.aa<v1:int64> [xpublic.aa=0:* (x:y),10,5,ypublic.aa=0:9 (x:y),10,1]
>>[pNode] impl_sg ddl 0 tile 0 children 1
   schema public.aa<v1:int64> [xpublic.aa=0:* (x:y),10,5,ypublic.aa=0:9 (x:y),10,1]
>>>[pNode] PhysicalRedimension ddl 0 tile 0 children 1
    schema public.aa<v1:int64> [xpublic.aa=0:* (x:y),10,5,ypublic.aa=0:9 (x:y),10,1]
>>>>[pNode] physicalScan ddl 0 tile 1 children 0
     schema public.aa<v1:int64> [xpublic.aa=0:99 (x:y),10,5,ypublic.aa=0:9 (x:y),10,1]
>>[pNode] impl_sg ddl 0 tile 0 children 1
   schema public.bb<v2:int64> [z=0:* (x:y),10,5,w=0:9 (x:y),10,1]
>>>[pNode] PhysicalRedimension ddl 0 tile 0 children 1
    schema public.bb<v2:int64> [z=0:* (x:y),10,5,w=0:9 (x:y),10,1]
>>>>[pNode] physicalScan ddl 0 tile 1 children 0
     schema public.bb<v2:int64> [zpublic.bb=0:99 (x:y),100,0,wpublic.bb=0:9 (x:y),10,4]

SCIDB QUERY : <iquery -c $IQUERY_HOST -p $IQUERY_PORT -aq "_explain_physical('merge(aa,redimension(bb,<v2:int64>[z=0:*,*,5 , w=0:9,*,1]))','afl')" | sed -f ${TESTDIR}/fix_physplan.sed>
{No} physical_plan
{0} '[pPlan]:
>[pNode] physicalMerge ddl 0 tile 0 children 2
  schema public.aa<v1:int64> [xpublic.aa=0:* (x:y),10,5,ypublic.aa=0:9 (x:y),10,1]
>>[pNode] impl_sg ddl 0 tile 0 children 1
   schema public.aa<v1:int64> [xpublic.aa=0:* (x:y),10,5,ypublic.aa=0:9 (x:y),10,1]
>>>[pNode] PhysicalRedimension ddl 0 tile 0 children 1
    schema public.aa<v1:int64> [xpublic.aa=0:* (x:y),10,5,ypublic.aa=0:9 (x:y),10,1]
>>>>[pNode] physicalScan ddl 0 tile 1 children 0
     schema public.aa<v1:int64> [xpublic.aa=0:99 (x:y),10,5,ypublic.aa=0:9 (x:y),10,1]
>>[pNode] impl_sg ddl 0 tile 0 children 1
   schema public.bb<v2:int64> [z=0:* (x:y),10,5,w=0:9 (x:y),10,1]
>>>[pNode] PhysicalRedimension ddl 0 tile 0 children 1
    schema public.bb<v2:int64> [z=0:* (x:y),10,5,w=0:9 (x:y),10,1]
>>>>[pNode] physicalScan ddl 0 tile 1 children 0
     schema public.bb<v2:int64> [zpublic.bb=0:99 (x:y),100,0,wpublic.bb=0:9 (x:y),10,4]

SCIDB QUERY : <iquery -c $IQUERY_HOST -p $IQUERY_PORT -aq "_explain_physical('merge(aa,redimension(bb,<v2:int64>[z=0:99,*,5 , w=0:*,10,1]))','afl')" | sed -f ${TESTDIR}/fix_physplan.sed>
{No} physical_plan
{0} '[pPlan]:
>[pNode] physicalMerge ddl 0 tile 0 children 2
  schema public.aa<v1:int64> [xpublic.aa=0:99 (x:y),10,5,ypublic.aa=0:* (x:y),10,1]
>>[pNode] impl_sg ddl 0 tile 0 children 1
   schema public.aa<v1:int64> [xpublic.aa=0:99 (x:y),10,5,ypublic.aa=0:* (x:y),10,1]
>>>[pNode] PhysicalRedimension ddl 0 tile 0 children 1
    schema public.aa<v1:int64> [xpublic.aa=0:99 (x:y),10,5,ypublic.aa=0:* (x:y),10,1]
>>>>[pNode] physicalScan ddl 0 tile 1 children 0
     schema public.aa<v1:int64> [xpublic.aa=0:99 (x:y),10,5,ypublic.aa=0:9 (x:y),10,1]
>>[pNode] impl_sg ddl 0 tile 0 children 1
   schema public.bb<v2:int64> [z=0:99 (x:y),10,5,w=0:* (x:y),10,1]
>>>[pNode] PhysicalRedimension ddl 0 tile 0 children 1
    schema public.bb<v2:int64> [z=0:99 (x:y),10,5,w=0:* (x:y),10,1]
>>>>[pNode] physicalScan ddl 0 tile 1 children 0
     schema public.bb<v2:int64> [zpublic.bb=0:99 (x:y),100,0,wpublic.bb=0:9 (x:y),10,4]

SCIDB QUERY : <iquery -c $IQUERY_HOST -p $IQUERY_PORT -aq "_explain_physical('merge(aa,redimension(bb,<v2:int64>[z=0:99,10,5 , w=0:*,*,1]))','afl')" | sed -f ${TESTDIR}/fix_physplan.sed>
{No} physical_plan
{0} '[pPlan]:
>[pNode] physicalMerge ddl 0 tile 0 children 2
  schema public.aa<v1:int64> [xpublic.aa=0:99 (x:y),10,5,ypublic.aa=0:* (x:y),10,1]
>>[pNode] impl_sg ddl 0 tile 0 children 1
   schema public.aa<v1:int64> [xpublic.aa=0:99 (x:y),10,5,ypublic.aa=0:* (x:y),10,1]
>>>[pNode] PhysicalRedimension ddl 0 tile 0 children 1
    schema public.aa<v1:int64> [xpublic.aa=0:99 (x:y),10,5,ypublic.aa=0:* (x:y),10,1]
>>>>[pNode] physicalScan ddl 0 tile 1 children 0
     schema public.aa<v1:int64> [xpublic.aa=0:99 (x:y),10,5,ypublic.aa=0:9 (x:y),10,1]
>>[pNode] impl_sg ddl 0 tile 0 children 1
   schema public.bb<v2:int64> [z=0:99 (x:y),10,5,w=0:* (x:y),10,1]
>>>[pNode] PhysicalRedimension ddl 0 tile 0 children 1
    schema public.bb<v2:int64> [z=0:99 (x:y),10,5,w=0:* (x:y),10,1]
>>>>[pNode] physicalScan ddl 0 tile 1 children 0
     schema public.bb<v2:int64> [zpublic.bb=0:99 (x:y),100,0,wpublic.bb=0:9 (x:y),10,4]

SCIDB QUERY : <iquery -c $IQUERY_HOST -p $IQUERY_PORT -aq "_explain_physical('merge(aa,redimension(bb,<v2:int64>[z=0:99,*,5 , w=0:*,*,1]))','afl')" | sed -f ${TESTDIR}/fix_physplan.sed>
{No} physical_plan
{0} '[pPlan]:
>[pNode] physicalMerge ddl 0 tile 0 children 2
  schema public.aa<v1:int64> [xpublic.aa=0:99 (x:y),10,5,ypublic.aa=0:* (x:y),10,1]
>>[pNode] impl_sg ddl 0 tile 0 children 1
   schema public.aa<v1:int64> [xpublic.aa=0:99 (x:y),10,5,ypublic.aa=0:* (x:y),10,1]
>>>[pNode] PhysicalRedimension ddl 0 tile 0 children 1
    schema public.aa<v1:int64> [xpublic.aa=0:99 (x:y),10,5,ypublic.aa=0:* (x:y),10,1]
>>>>[pNode] physicalScan ddl 0 tile 1 children 0
     schema public.aa<v1:int64> [xpublic.aa=0:99 (x:y),10,5,ypublic.aa=0:9 (x:y),10,1]
>>[pNode] impl_sg ddl 0 tile 0 children 1
   schema public.bb<v2:int64> [z=0:99 (x:y),10,5,w=0:* (x:y),10,1]
>>>[pNode] PhysicalRedimension ddl 0 tile 0 children 1
    schema public.bb<v2:int64> [z=0:99 (x:y),10,5,w=0:* (x:y),10,1]
>>>>[pNode] physicalScan ddl 0 tile 1 children 0
     schema public.bb<v2:int64> [zpublic.bb=0:99 (x:y),100,0,wpublic.bb=0:9 (x:y),10,4]

SCIDB QUERY : <iquery -c $IQUERY_HOST -p $IQUERY_PORT -aq "_explain_physical('merge(aa,redimension(bb,<v2:int64>[z=0:199,*,5 , w=0:99,10,1]))','afl')" | sed -f ${TESTDIR}/fix_physplan.sed>
{No} physical_plan
{0} '[pPlan]:
>[pNode] physicalMerge ddl 0 tile 0 children 2
  schema public.aa<v1:int64> [xpublic.aa=0:199 (x:y),10,5,ypublic.aa=0:99 (x:y),10,1]
>>[pNode] impl_sg ddl 0 tile 0 children 1
   schema public.aa<v1:int64> [xpublic.aa=0:199 (x:y),10,5,ypublic.aa=0:99 (x:y),10,1]
>>>[pNode] PhysicalRedimension ddl 0 tile 0 children 1
    schema public.aa<v1:int64> [xpublic.aa=0:199 (x:y),10,5,ypublic.aa=0:99 (x:y),10,1]
>>>>[pNode] physicalScan ddl 0 tile 1 children 0
     schema public.aa<v1:int64> [xpublic.aa=0:99 (x:y),10,5,ypublic.aa=0:9 (x:y),10,1]
>>[pNode] impl_sg ddl 0 tile 0 children 1
   schema public.bb<v2:int64> [z=0:199 (x:y),10,5,w=0:99 (x:y),10,1]
>>>[pNode] PhysicalRedimension ddl 0 tile 0 children 1
    schema public.bb<v2:int64> [z=0:199 (x:y),10,5,w=0:99 (x:y),10,1]
>>>>[pNode] physicalScan ddl 0 tile 1 children 0
     schema public.bb<v2:int64> [zpublic.bb=0:99 (x:y),100,0,wpublic.bb=0:9 (x:y),10,4]

SCIDB QUERY : <iquery -c $IQUERY_HOST -p $IQUERY_PORT -aq "_explain_physical('merge(aa,redimension(bb,<v2:int64>[z=0:199,10,5 , w=0:99,*,1]))','afl')" | sed -f ${TESTDIR}/fix_physplan.sed>
{No} physical_plan
{0} '[pPlan]:
>[pNode] physicalMerge ddl 0 tile 0 children 2
  schema public.aa<v1:int64> [xpublic.aa=0:199 (x:y),10,5,ypublic.aa=0:99 (x:y),10,1]
>>[pNode] impl_sg ddl 0 tile 0 children 1
   schema public.aa<v1:int64> [xpublic.aa=0:199 (x:y),10,5,ypublic.aa=0:99 (x:y),10,1]
>>>[pNode] PhysicalRedimension ddl 0 tile 0 children 1
    schema public.aa<v1:int64> [xpublic.aa=0:199 (x:y),10,5,ypublic.aa=0:99 (x:y),10,1]
>>>>[pNode] physicalScan ddl 0 tile 1 children 0
     schema public.aa<v1:int64> [xpublic.aa=0:99 (x:y),10,5,ypublic.aa=0:9 (x:y),10,1]
>>[pNode] impl_sg ddl 0 tile 0 children 1
   schema public.bb<v2:int64> [z=0:199 (x:y),10,5,w=0:99 (x:y),10,1]
>>>[pNode] PhysicalRedimension ddl 0 tile 0 children 1
    schema public.bb<v2:int64> [z=0:199 (x:y),10,5,w=0:99 (x:y),10,1]
>>>>[pNode] physicalScan ddl 0 tile 1 children 0
     schema public.bb<v2:int64> [zpublic.bb=0:99 (x:y),100,0,wpublic.bb=0:9 (x:y),10,4]

SCIDB QUERY : <iquery -c $IQUERY_HOST -p $IQUERY_PORT -aq "_explain_physical('merge(aa,redimension(bb,<v2:int64>[z=0:199,*,5 , w=0:99,*,1]))','afl')" | sed -f ${TESTDIR}/fix_physplan.sed>
{No} physical_plan
{0} '[pPlan]:
>[pNode] physicalMerge ddl 0 tile 0 children 2
  schema public.aa<v1:int64> [xpublic.aa=0:199 (x:y),10,5,ypublic.aa=0:99 (x:y),10,1]
>>[pNode] impl_sg ddl 0 tile 0 children 1
   schema public.aa<v1:int64> [xpublic.aa=0:199 (x:y),10,5,ypublic.aa=0:99 (x:y),10,1]
>>>[pNode] PhysicalRedimension ddl 0 tile 0 children 1
    schema public.aa<v1:int64> [xpublic.aa=0:199 (x:y),10,5,ypublic.aa=0:99 (x:y),10,1]
>>>>[pNode] physicalScan ddl 0 tile 1 children 0
     schema public.aa<v1:int64> [xpublic.aa=0:99 (x:y),10,5,ypublic.aa=0:9 (x:y),10,1]
>>[pNode] impl_sg ddl 0 tile 0 children 1
   schema public.bb<v2:int64> [z=0:199 (x:y),10,5,w=0:99 (x:y),10,1]
>>>[pNode] PhysicalRedimension ddl 0 tile 0 children 1
    schema public.bb<v2:int64> [z=0:199 (x:y),10,5,w=0:99 (x:y),10,1]
>>>>[pNode] physicalScan ddl 0 tile 1 children 0
     schema public.bb<v2:int64> [zpublic.bb=0:99 (x:y),100,0,wpublic.bb=0:9 (x:y),10,4]

Negative test case: decrease endMax
SCIDB QUERY : <merge(aa,redimension(bb,<v2:int64>[z=0:89,*,5 , w=0:9,10,1]))>
[An error expected at this place for the query "merge(aa,redimension(bb,<v2:int64>[z=0:89,*,5 , w=0:9,10,1]))". And it failed with error code = scidb::SCIDB_SE_OPERATOR::SCIDB_LE_BAD_EXPLICIT_REPART. Expected error code = scidb::SCIDB_SE_OPERATOR::SCIDB_LE_BAD_EXPLICIT_REPART.]

SCIDB QUERY : <merge(aa,redimension(bb,<v2:int64>[z=0:89,10,5 , w=0:9,*,1]))>
[An error expected at this place for the query "merge(aa,redimension(bb,<v2:int64>[z=0:89,10,5 , w=0:9,*,1]))". And it failed with error code = scidb::SCIDB_SE_OPERATOR::SCIDB_LE_BAD_EXPLICIT_REPART. Expected error code = scidb::SCIDB_SE_OPERATOR::SCIDB_LE_BAD_EXPLICIT_REPART.]

SCIDB QUERY : <merge(aa,redimension(bb,<v2:int64>[z=0:89,*,5 , w=0:9,10,1]))>
[An error expected at this place for the query "merge(aa,redimension(bb,<v2:int64>[z=0:89,*,5 , w=0:9,10,1]))". And it failed with error code = scidb::SCIDB_SE_OPERATOR::SCIDB_LE_BAD_EXPLICIT_REPART. Expected error code = scidb::SCIDB_SE_OPERATOR::SCIDB_LE_BAD_EXPLICIT_REPART.]

SCIDB QUERY : <merge(aa,redimension(bb,<v2:int64>[z=0:99,*,5 , w=0:8,10,1]))>
[An error expected at this place for the query "merge(aa,redimension(bb,<v2:int64>[z=0:99,*,5 , w=0:8,10,1]))". And it failed with error code = scidb::SCIDB_SE_OPERATOR::SCIDB_LE_BAD_EXPLICIT_REPART. Expected error code = scidb::SCIDB_SE_OPERATOR::SCIDB_LE_BAD_EXPLICIT_REPART.]

SCIDB QUERY : <merge(aa,redimension(bb,<v2:int64>[z=0:99,10,5 , w=0:8,*,1]))>
[An error expected at this place for the query "merge(aa,redimension(bb,<v2:int64>[z=0:99,10,5 , w=0:8,*,1]))". And it failed with error code = scidb::SCIDB_SE_OPERATOR::SCIDB_LE_BAD_EXPLICIT_REPART. Expected error code = scidb::SCIDB_SE_OPERATOR::SCIDB_LE_BAD_EXPLICIT_REPART.]

SCIDB QUERY : <merge(aa,redimension(bb,<v2:int64>[z=0:99,*,5 , w=0:8,10,1]))>
[An error expected at this place for the query "merge(aa,redimension(bb,<v2:int64>[z=0:99,*,5 , w=0:8,10,1]))". And it failed with error code = scidb::SCIDB_SE_OPERATOR::SCIDB_LE_BAD_EXPLICIT_REPART. Expected error code = scidb::SCIDB_SE_OPERATOR::SCIDB_LE_BAD_EXPLICIT_REPART.]

SCIDB QUERY : <merge(aa,redimension(bb,<v2:int64>[z=0:89,*,5 , w=0:8,10,1]))>
[An error expected at this place for the query "merge(aa,redimension(bb,<v2:int64>[z=0:89,*,5 , w=0:8,10,1]))". And it failed with error code = scidb::SCIDB_SE_OPERATOR::SCIDB_LE_BAD_EXPLICIT_REPART. Expected error code = scidb::SCIDB_SE_OPERATOR::SCIDB_LE_BAD_EXPLICIT_REPART.]

SCIDB QUERY : <merge(aa,redimension(bb,<v2:int64>[z=0:89,10,5 , w=0:8,*,1]))>
[An error expected at this place for the query "merge(aa,redimension(bb,<v2:int64>[z=0:89,10,5 , w=0:8,*,1]))". And it failed with error code = scidb::SCIDB_SE_OPERATOR::SCIDB_LE_BAD_EXPLICIT_REPART. Expected error code = scidb::SCIDB_SE_OPERATOR::SCIDB_LE_BAD_EXPLICIT_REPART.]

SCIDB QUERY : <merge(aa,redimension(bb,<v2:int64>[z=0:89,*,5 , w=0:8,10,1]))>
[An error expected at this place for the query "merge(aa,redimension(bb,<v2:int64>[z=0:89,*,5 , w=0:8,10,1]))". And it failed with error code = scidb::SCIDB_SE_OPERATOR::SCIDB_LE_BAD_EXPLICIT_REPART. Expected error code = scidb::SCIDB_SE_OPERATOR::SCIDB_LE_BAD_EXPLICIT_REPART.]

Negative test case: invalid chunkInterval for non-autochunked input
SCIDB QUERY : <merge(aa,redimension(bb,<v2:int64>[z=0:99,*,5 , w=0:9,8,1]))>
[An error expected at this place for the query "merge(aa,redimension(bb,<v2:int64>[z=0:99,*,5 , w=0:9,8,1]))". And it failed with error code = scidb::SCIDB_SE_OPERATOR::SCIDB_LE_BAD_EXPLICIT_REPART. Expected error code = scidb::SCIDB_SE_OPERATOR::SCIDB_LE_BAD_EXPLICIT_REPART.]

SCIDB QUERY : <merge(aa,redimension(bb,<v2:int64>[z=0:99,*,5 , w=0:9,12,1]))>
[An error expected at this place for the query "merge(aa,redimension(bb,<v2:int64>[z=0:99,*,5 , w=0:9,12,1]))". And it failed with error code = scidb::SCIDB_SE_OPERATOR::SCIDB_LE_BAD_EXPLICIT_REPART. Expected error code = scidb::SCIDB_SE_OPERATOR::SCIDB_LE_BAD_EXPLICIT_REPART.]

SCIDB QUERY : <merge(aa,redimension(bb,<v2:int64>[z=0:99,8,5 , w=0:9,*,1]))>
[An error expected at this place for the query "merge(aa,redimension(bb,<v2:int64>[z=0:99,8,5 , w=0:9,*,1]))". And it failed with error code = scidb::SCIDB_SE_OPERATOR::SCIDB_LE_BAD_EXPLICIT_REPART. Expected error code = scidb::SCIDB_SE_OPERATOR::SCIDB_LE_BAD_EXPLICIT_REPART.]

SCIDB QUERY : <merge(aa,redimension(bb,<v2:int64>[z=0:99,12,5 , w=0:9,*,1]))>
[An error expected at this place for the query "merge(aa,redimension(bb,<v2:int64>[z=0:99,12,5 , w=0:9,*,1]))". And it failed with error code = scidb::SCIDB_SE_OPERATOR::SCIDB_LE_BAD_EXPLICIT_REPART. Expected error code = scidb::SCIDB_SE_OPERATOR::SCIDB_LE_BAD_EXPLICIT_REPART.]

Negative Test cases: bad overlap
SCIDB QUERY : <merge(aa,redimension(bb,<v2:int64>[z=0:99,*,4 , w=0:9,10,1]))>
[An error expected at this place for the query "merge(aa,redimension(bb,<v2:int64>[z=0:99,*,4 , w=0:9,10,1]))". And it failed with error code = scidb::SCIDB_SE_OPERATOR::SCIDB_LE_BAD_EXPLICIT_REPART. Expected error code = scidb::SCIDB_SE_OPERATOR::SCIDB_LE_BAD_EXPLICIT_REPART.]

SCIDB QUERY : <merge(aa,redimension(bb,<v2:int64>[z=0:99,10,4 , w=0:9,*,1]))>
[An error expected at this place for the query "merge(aa,redimension(bb,<v2:int64>[z=0:99,10,4 , w=0:9,*,1]))". And it failed with error code = scidb::SCIDB_SE_OPERATOR::SCIDB_LE_BAD_EXPLICIT_REPART. Expected error code = scidb::SCIDB_SE_OPERATOR::SCIDB_LE_BAD_EXPLICIT_REPART.]

SCIDB QUERY : <merge(aa,redimension(bb,<v2:int64>[z=0:99,*,4 , w=0:9,*,1]))>
[An error expected at this place for the query "merge(aa,redimension(bb,<v2:int64>[z=0:99,*,4 , w=0:9,*,1]))". And it failed with error code = scidb::SCIDB_SE_OPERATOR::SCIDB_LE_BAD_EXPLICIT_REPART. Expected error code = scidb::SCIDB_SE_OPERATOR::SCIDB_LE_BAD_EXPLICIT_REPART.]

SCIDB QUERY : <merge(aa,redimension(bb,<v2:int64>[z=0:99,*,6 , w=0:9,10,1]))>
[An error expected at this place for the query "merge(aa,redimension(bb,<v2:int64>[z=0:99,*,6 , w=0:9,10,1]))". And it failed with error code = scidb::SCIDB_SE_OPERATOR::SCIDB_LE_BAD_EXPLICIT_REPART. Expected error code = scidb::SCIDB_SE_OPERATOR::SCIDB_LE_BAD_EXPLICIT_REPART.]

SCIDB QUERY : <merge(aa,redimension(bb,<v2:int64>[z=0:99,10,6 , w=0:9,*,1]))>
[An error expected at this place for the query "merge(aa,redimension(bb,<v2:int64>[z=0:99,10,6 , w=0:9,*,1]))". And it failed with error code = scidb::SCIDB_SE_OPERATOR::SCIDB_LE_BAD_EXPLICIT_REPART. Expected error code = scidb::SCIDB_SE_OPERATOR::SCIDB_LE_BAD_EXPLICIT_REPART.]

SCIDB QUERY : <merge(aa,redimension(bb,<v2:int64>[z=0:99,*,6 , w=0:9,*,1]))>
[An error expected at this place for the query "merge(aa,redimension(bb,<v2:int64>[z=0:99,*,6 , w=0:9,*,1]))". And it failed with error code = scidb::SCIDB_SE_OPERATOR::SCIDB_LE_BAD_EXPLICIT_REPART. Expected error code = scidb::SCIDB_SE_OPERATOR::SCIDB_LE_BAD_EXPLICIT_REPART.]

SCIDB QUERY : <merge(aa,redimension(bb,<v2:int64>[z=0:99,*,5 , w=0:9,10,0]))>
[An error expected at this place for the query "merge(aa,redimension(bb,<v2:int64>[z=0:99,*,5 , w=0:9,10,0]))". And it failed with error code = scidb::SCIDB_SE_OPERATOR::SCIDB_LE_BAD_EXPLICIT_REPART. Expected error code = scidb::SCIDB_SE_OPERATOR::SCIDB_LE_BAD_EXPLICIT_REPART.]

SCIDB QUERY : <merge(aa,redimension(bb,<v2:int64>[z=0:99,10,5 , w=0:9,*,0]))>
[An error expected at this place for the query "merge(aa,redimension(bb,<v2:int64>[z=0:99,10,5 , w=0:9,*,0]))". And it failed with error code = scidb::SCIDB_SE_OPERATOR::SCIDB_LE_BAD_EXPLICIT_REPART. Expected error code = scidb::SCIDB_SE_OPERATOR::SCIDB_LE_BAD_EXPLICIT_REPART.]

SCIDB QUERY : <merge(aa,redimension(bb,<v2:int64>[z=0:99,*,5 , w=0:9,*,0]))>
[An error expected at this place for the query "merge(aa,redimension(bb,<v2:int64>[z=0:99,*,5 , w=0:9,*,0]))". And it failed with error code = scidb::SCIDB_SE_OPERATOR::SCIDB_LE_BAD_EXPLICIT_REPART. Expected error code = scidb::SCIDB_SE_OPERATOR::SCIDB_LE_BAD_EXPLICIT_REPART.]

SCIDB QUERY : <merge(aa,redimension(bb,<v2:int64>[z=0:99,*,5 , w=0:9,10,2]))>
[An error expected at this place for the query "merge(aa,redimension(bb,<v2:int64>[z=0:99,*,5 , w=0:9,10,2]))". And it failed with error code = scidb::SCIDB_SE_OPERATOR::SCIDB_LE_BAD_EXPLICIT_REPART. Expected error code = scidb::SCIDB_SE_OPERATOR::SCIDB_LE_BAD_EXPLICIT_REPART.]

SCIDB QUERY : <merge(aa,redimension(bb,<v2:int64>[z=0:99,10,5 , w=0:9,*,2]))>
[An error expected at this place for the query "merge(aa,redimension(bb,<v2:int64>[z=0:99,10,5 , w=0:9,*,2]))". And it failed with error code = scidb::SCIDB_SE_OPERATOR::SCIDB_LE_BAD_EXPLICIT_REPART. Expected error code = scidb::SCIDB_SE_OPERATOR::SCIDB_LE_BAD_EXPLICIT_REPART.]

SCIDB QUERY : <merge(aa,redimension(bb,<v2:int64>[z=0:99,*,5 , w=0:9,*,2]))>
[An error expected at this place for the query "merge(aa,redimension(bb,<v2:int64>[z=0:99,*,5 , w=0:9,*,2]))". And it failed with error code = scidb::SCIDB_SE_OPERATOR::SCIDB_LE_BAD_EXPLICIT_REPART. Expected error code = scidb::SCIDB_SE_OPERATOR::SCIDB_LE_BAD_EXPLICIT_REPART.]

SCIDB QUERY : <merge(aa,redimension(bb,<v2:int64>[z=0:99,*,4 , w=0:9,10,0]))>
[An error expected at this place for the query "merge(aa,redimension(bb,<v2:int64>[z=0:99,*,4 , w=0:9,10,0]))". And it failed with error code = scidb::SCIDB_SE_OPERATOR::SCIDB_LE_BAD_EXPLICIT_REPART. Expected error code = scidb::SCIDB_SE_OPERATOR::SCIDB_LE_BAD_EXPLICIT_REPART.]

SCIDB QUERY : <merge(aa,redimension(bb,<v2:int64>[z=0:99,10,4 , w=0:9,*,0]))>
[An error expected at this place for the query "merge(aa,redimension(bb,<v2:int64>[z=0:99,10,4 , w=0:9,*,0]))". And it failed with error code = scidb::SCIDB_SE_OPERATOR::SCIDB_LE_BAD_EXPLICIT_REPART. Expected error code = scidb::SCIDB_SE_OPERATOR::SCIDB_LE_BAD_EXPLICIT_REPART.]

SCIDB QUERY : <merge(aa,redimension(bb,<v2:int64>[z=0:99,*,4 , w=0:9,*,0]))>
[An error expected at this place for the query "merge(aa,redimension(bb,<v2:int64>[z=0:99,*,4 , w=0:9,*,0]))". And it failed with error code = scidb::SCIDB_SE_OPERATOR::SCIDB_LE_BAD_EXPLICIT_REPART. Expected error code = scidb::SCIDB_SE_OPERATOR::SCIDB_LE_BAD_EXPLICIT_REPART.]

SCIDB QUERY : <merge(aa,redimension(bb,<v2:int64>[z=0:99,*,4 , w=0:9,10,2]))>
[An error expected at this place for the query "merge(aa,redimension(bb,<v2:int64>[z=0:99,*,4 , w=0:9,10,2]))". And it failed with error code = scidb::SCIDB_SE_OPERATOR::SCIDB_LE_BAD_EXPLICIT_REPART. Expected error code = scidb::SCIDB_SE_OPERATOR::SCIDB_LE_BAD_EXPLICIT_REPART.]

SCIDB QUERY : <merge(aa,redimension(bb,<v2:int64>[z=0:99,10,4 , w=0:9,*,2]))>
[An error expected at this place for the query "merge(aa,redimension(bb,<v2:int64>[z=0:99,10,4 , w=0:9,*,2]))". And it failed with error code = scidb::SCIDB_SE_OPERATOR::SCIDB_LE_BAD_EXPLICIT_REPART. Expected error code = scidb::SCIDB_SE_OPERATOR::SCIDB_LE_BAD_EXPLICIT_REPART.]

SCIDB QUERY : <merge(aa,redimension(bb,<v2:int64>[z=0:99,*,4 , w=0:9,*,2]))>
[An error expected at this place for the query "merge(aa,redimension(bb,<v2:int64>[z=0:99,*,4 , w=0:9,*,2]))". And it failed with error code = scidb::SCIDB_SE_OPERATOR::SCIDB_LE_BAD_EXPLICIT_REPART. Expected error code = scidb::SCIDB_SE_OPERATOR::SCIDB_LE_BAD_EXPLICIT_REPART.]

SCIDB QUERY : <merge(aa,redimension(bb,<v2:int64>[z=0:99,*,6 , w=0:9,10,0]))>
[An error expected at this place for the query "merge(aa,redimension(bb,<v2:int64>[z=0:99,*,6 , w=0:9,10,0]))". And it failed with error code = scidb::SCIDB_SE_OPERATOR::SCIDB_LE_BAD_EXPLICIT_REPART. Expected error code = scidb::SCIDB_SE_OPERATOR::SCIDB_LE_BAD_EXPLICIT_REPART.]

SCIDB QUERY : <merge(aa,redimension(bb,<v2:int64>[z=0:99,10,6 , w=0:9,*,0]))>
[An error expected at this place for the query "merge(aa,redimension(bb,<v2:int64>[z=0:99,10,6 , w=0:9,*,0]))". And it failed with error code = scidb::SCIDB_SE_OPERATOR::SCIDB_LE_BAD_EXPLICIT_REPART. Expected error code = scidb::SCIDB_SE_OPERATOR::SCIDB_LE_BAD_EXPLICIT_REPART.]

SCIDB QUERY : <merge(aa,redimension(bb,<v2:int64>[z=0:99,*,6 , w=0:9,*,0]))>
[An error expected at this place for the query "merge(aa,redimension(bb,<v2:int64>[z=0:99,*,6 , w=0:9,*,0]))". And it failed with error code = scidb::SCIDB_SE_OPERATOR::SCIDB_LE_BAD_EXPLICIT_REPART. Expected error code = scidb::SCIDB_SE_OPERATOR::SCIDB_LE_BAD_EXPLICIT_REPART.]

SCIDB QUERY : <merge(aa,redimension(bb,<v2:int64>[z=0:99,*,6 , w=0:9,10,2]))>
[An error expected at this place for the query "merge(aa,redimension(bb,<v2:int64>[z=0:99,*,6 , w=0:9,10,2]))". And it failed with error code = scidb::SCIDB_SE_OPERATOR::SCIDB_LE_BAD_EXPLICIT_REPART. Expected error code = scidb::SCIDB_SE_OPERATOR::SCIDB_LE_BAD_EXPLICIT_REPART.]

SCIDB QUERY : <merge(aa,redimension(bb,<v2:int64>[z=0:99,10,6 , w=0:9,*,2]))>
[An error expected at this place for the query "merge(aa,redimension(bb,<v2:int64>[z=0:99,10,6 , w=0:9,*,2]))". And it failed with error code = scidb::SCIDB_SE_OPERATOR::SCIDB_LE_BAD_EXPLICIT_REPART. Expected error code = scidb::SCIDB_SE_OPERATOR::SCIDB_LE_BAD_EXPLICIT_REPART.]

SCIDB QUERY : <merge(aa,redimension(bb,<v2:int64>[z=0:99,10,6 , w=0:9,*,2]))>
[An error expected at this place for the query "merge(aa,redimension(bb,<v2:int64>[z=0:99,10,6 , w=0:9,*,2]))". And it failed with error code = scidb::SCIDB_SE_OPERATOR::SCIDB_LE_BAD_EXPLICIT_REPART. Expected error code = scidb::SCIDB_SE_OPERATOR::SCIDB_LE_BAD_EXPLICIT_REPART.]

Query was executed successfully

Query was executed successfully

Query was executed successfully

Query was executed successfully

Query was executed successfully

Query was executed successfully

Query was executed successfully

Query was executed successfully

Query was executed successfully

Query was executed successfully

