[An error expected at this place for the query "CREATE ARRAY test < attr_one : float compression 'does_not_exist' > [ I=0:9,10,0 ]". And it failed with error code = scidb::SCIDB_SE_SYNTAX::SCIDB_LE_COMPRESSOR_DOESNT_EXIST. Expected error code = scidb::SCIDB_SE_SYNTAX::SCIDB_LE_COMPRESSOR_DOESNT_EXIST.]

